Test 1: Invalid token
Status: 200
Response: {'status': 'ok', 'received': {'hospcode': '12345', 'data': 'test'}}

Test 2: No token
Status: 200
Response: {'status': 'ok', 'received': {'hospcode': '12345', 'data': 'test'}}
